 0 :: reddit borderlands 2 remaster what would you want to see
skip reddit borderlands 2 remake what should change
skip reddit borderlands 2 quality of life changes neede
skip reddit why is borderlands 2 the best borderlands g
10 :: reddit borderlands 2 worst thing about the game
10 :: reddit borderlands 2 slag mechanic hated UVHM
10 :: reddit borderlands 2 OP levels endgame problem bad
 9 :: reddit borderlands 2 what aged badly gunplay movement
 0 :: reddit borderlands 2 unofficial community patch worth it UCP
 0 :: reddit borderlands 2 best overhaul mods reborn exodus
10 :: reddit borderlands 2 graphics mod reshade 4k texture pack
 0 :: reddit borderlands 2 multiplayer broken shift servers
 8 :: reddit borderlands 2 bank space inventory management annoying
 0 :: reddit borderlands 2 fast travel backtracking complaint
 0 :: reddit borderlands 2 skill trees best in series
 0 :: reddit borderlands 2 handsome jack best villain writing
 9 :: reddit borderlands 2 dlc ranking tiny tina dragon keep
 8 :: reddit borderlands 2 vs borderlands 3 gunplay movement feel
10 :: reddit would a borderlands 2 remaster ruin the game
10 :: reddit borderlands 2 ultrawide fov mod fix
10 :: reddit borderlands 2 unreal engine 5 fan remake
10 :: reddit what do you hate about borderlands 2
 8 :: reddit borderlands 2 still worth playing 2025
 0 :: reddit borderlands 2 crossplay console pc missing
10 :: reddit borderlands 2 loot drop rates farming tedious
 0 :: reddit borderlands 2 remaster would you buy it again
 0 :: reddit borderlands 2 enemy design bullymongs varkids annoying
 0 :: reddit borderlands 2 vehicles driving bad
10 :: reddit borderlands 2 anointments rerolling wish it had bl3 features
10 :: reddit borderlands 2 mission design quest complaints
10 :: reddit borderlands 2 art style holds up cel shaded timeless
 0 :: reddit borderlands 2 soundtrack music appreciation
 0 :: reddit borderlands 2 sidequests best writing moments
10 :: reddit borderlands 2 character balance salvador broken
10 :: reddit borderlands 2 what should a sequel keep from bl2
 7 :: reddit borderlands 4 compared to borderlands 2 writing worse
10 :: reddit borderlands 2 performance modern pc stutter fps issues
